{A="ssyy", Z="xxyyysssyyy", C="yz", Y="yyy", B="x", X="ss"}
