{Y=ml(anders, 1965), X=ml(frank, 1967)}
{Y=ml(frank, 1967), X=ml(anders, 1965)}
{Y=ml(anders, 1965), X=ml(frank, 1967)}
{Y=ml(anders, 1965), X=ml(frank, 1967)}
{Y=ml(anders, 1965), X=ml(frank, 1967)}
{Y=ml(anders, 1965), X=ml(frank, 1967)}
{Y=ml(frank, 1967), X=ml(anders, 1965)}
{Y=ml(anders, 1965), X=ml(frank, 1967)}
{Y=ml(frank, 1967), X=ml(anders, 1965)}
