{G=[Actor] -
        -uses->[Tool],
        -uses->[Material]}
