{I=gr1, C=[Person : Romeo]}
{I=gr1, C=[Person : Romeo]}
