{G=[Baker] -
        -uses->[Oven],
        -uses->[Dough]}
